2026-04-24 16:10:40,209 [INFO] Starting canstar_health_awards
2026-04-24 16:11:43,285 [INFO] Finished canstar_health_awards (success=True)
2026-04-24 16:11:43,285 [INFO] Starting ama
2026-04-24 16:11:55,587 [INFO] Finished ama (success=True)
2026-04-24 16:11:55,587 [INFO] Starting choice_articles
2026-04-24 16:56:43,891 [INFO] Finished choice_articles (success=True)
2026-04-24 16:56:43,891 [INFO] Starting news_articles
2026-04-24 16:57:06,901 [INFO] Finished news_articles (success=False)
2026-04-24 16:57:06,901 [INFO] Starting stock_prices
2026-04-24 16:57:24,702 [INFO] Finished stock_prices (success=True)
2026-04-24 16:58:42,233 [INFO] Starting medibank_asx
2026-04-24 16:58:46,147 [INFO] Found 9 articles total
2026-04-24 16:58:46,147 [INFO] Scraping: https://www.medibank.com.au/livebetter/newsroom/post/2022-cybercrime-event--consumer-class-action
2026-04-24 16:58:49,274 [INFO] Scraping: https://www.medibank.com.au/livebetter/newsroom/post/2026-half-year-results
2026-04-24 16:58:52,455 [INFO] Scraping: https://www.medibank.com.au/livebetter/newsroom/post/medibank-announces-2026-premium-change
2026-04-24 16:58:55,606 [INFO] Scraping: https://www.medibank.com.au/livebetter/newsroom/post/re-presentation-of-segment-results-and-changes-in-terminology
2026-04-24 16:58:58,713 [INFO] Scraping: https://www.medibank.com.au/livebetter/newsroom/post/medibanks-fy26-half-year-key-dates
2026-04-24 16:59:01,496 [INFO] Scraping: https://www.medibank.com.au/livebetter/newsroom/post/2025-agm-chair-and-ceo-address
2026-04-24 16:59:04,996 [INFO] Scraping: https://www.medibank.com.au/livebetter/newsroom/post/jay-weatherill-to-retire-as-medibank-board-director
2026-04-24 16:59:08,637 [INFO] Scraping: https://www.medibank.com.au/livebetter/newsroom/post/medibank-grows-primary-care-support-with-acquisition-of-better-medical
2026-04-24 16:59:11,757 [INFO] Scraping: https://www.medibank.com.au/livebetter/newsroom/post/medibank-sets-new-ambition-in-health
2026-04-24 16:59:14,374 [INFO] 9 articles within the last 7 days
2026-04-24 16:59:14,376 [INFO] Finished medibank_asx (success=True)
2026-04-24 16:59:14,376 [INFO] medibank_asx -> OK
2026-04-25 15:51:16,434 [INFO] Starting nib_asx
2026-04-25 15:51:21,199 [INFO]   Found: Notification of cessation of securities — 16 April 2026
2026-04-25 15:51:21,199 [INFO]   Found: Notification regarding unquoted securities — 16 April 2026
2026-04-25 15:51:21,200 [INFO]   Found: Appendix 2A - Application for quotation of securities — 8 April 2026
2026-04-25 15:51:21,200 [INFO]   Found: 2026 Annual General Meeting - Change of Date — 7 April 2026
2026-04-25 15:51:21,200 [INFO]   Found: Notice of ceasing to be a substantial holder - Mitsubishi UFJ Financial Group, Inc. — 2 April 2026
2026-04-25 15:51:21,200 [INFO]   Found: Notice of ceasing to be a substantial holder - First Sentier Group Limited — 1 April 2026
2026-04-25 15:51:21,201 [INFO]   Skipping (older than 7 days): Updated Appendix 3A.1 Notification of Dividend/Distribution
2026-04-25 15:51:21,201 [INFO]   Skipping (older than 7 days): FY26 Half Year Results Investor Presentation
2026-04-25 15:51:21,201 [INFO]   Skipping (older than 7 days): FY26 Half Year Results ASX Announcement
2026-04-25 15:51:21,201 [INFO]   Skipping (older than 7 days): Appendix 3A.1 Notification of Dividend/Distribution
2026-04-25 15:51:21,201 [INFO]   Skipping (older than 7 days): Appendix 4D and 2026 Interim Report
2026-04-25 15:51:21,202 [INFO]   Skipping (older than 7 days): nib announces 2026 health insurance premium changes
2026-04-25 15:51:21,202 [INFO]   Skipping (older than 7 days): Notice of initial substantial holder - Mitsubishi UFJ Financial Group, Inc.
2026-04-25 15:51:21,202 [INFO]   Skipping (older than 7 days): Notice of initial substantial holder - First Sentier Group Limited
2026-04-25 15:51:21,202 [INFO]   Skipping (older than 7 days): nib Group announces sale of World Nomads
2026-04-25 15:51:21,252 [INFO]   Skipping (older than 7 days): Notification regarding unquoted securities
2026-04-25 15:51:21,254 [INFO] Found 6 announcements within last 7 days
2026-04-25 15:51:21,254 [INFO] Processing (1/6): Notification of cessation of securities
2026-04-25 15:51:23,365 [INFO]   Extracted 3094 characters
2026-04-25 15:51:24,371 [INFO] Processing (2/6): Notification regarding unquoted securities
2026-04-25 15:51:27,033 [INFO]   Extracted 4683 characters
2026-04-25 15:51:28,041 [INFO] Processing (3/6): Appendix 2A - Application for quotation of securities
2026-04-25 15:51:30,416 [INFO]   Extracted 4002 characters
2026-04-25 15:51:31,424 [INFO] Processing (4/6): 2026 Annual General Meeting - Change of Date
2026-04-25 15:51:34,862 [INFO]   Extracted 958 characters
2026-04-25 15:51:35,876 [INFO] Processing (5/6): Notice of ceasing to be a substantial holder - Mitsubishi UFJ Financial Group, Inc.
2026-04-25 15:52:18,853 [INFO]   Extracted 886898 characters
2026-04-25 15:52:19,854 [INFO] Processing (6/6): Notice of ceasing to be a substantial holder - First Sentier Group Limited
2026-04-25 15:52:25,527 [INFO]   Extracted 22310 characters
2026-04-25 15:52:26,547 [INFO] Finished nib_asx (success=True)
2026-04-25 15:52:26,547 [INFO] nib_asx -> OK
